src/pages/BusinessDashboard.tsx(8,5): error TS6133: 'Plus' is declared but its value is never read.
src/pages/BusinessDashboard.tsx(8,11): error TS6133: 'TrendingUp' is declared but its value is never read.
src/pages/BusinessDashboard.tsx(8,37): error TS6133: 'XCircle' is declared but its value is never read.
src/pages/BusinessDashboard.tsx(9,5): error TS6133: 'Edit' is declared but its value is never read.
src/pages/BusinessDashboard.tsx(9,11): error TS6133: 'Trash2' is declared but its value is never read.
